
> squoosh@2.0.0 build
> rollup -c && node lib/move-output.js

